
> web@0.0.0 build
> node tools/generate-llms.js || true && vite build --outDir ../../dist/apps/web

Generating LLM configurations...
LLM configuration generated successfully
{
  "providers": [
    "openai",
    "gemini"
  ],
  "models": {
    "openai": [
      "gpt-4o-mini",
      "gpt-4"
    ],
    "gemini": [
      "gemini-2.0-flash",
      "gemini-pro"
    ]
  }
}
